warning: unused variable: `enabled`
 --> native/src/contracts.rs:5:30
  |
5 | pub fn release_prefill_cache(enabled: bool, total: usize, completed: usize) -> bool {
  |                              ^^^^^^^ help: if this is intentional, prefix it with an underscore: `_enabled`
  |
  = note: `#[warn(unused_variables)]` (part of `#[warn(unused)]`) on by default

warning: function `tensor_bytes` is never used
   --> native/src/contracts.rs:494:15
    |
494 | pub(crate) fn tensor_bytes(shape: &[usize], item_size: u64) -> Option<u64> {
    |               ^^^^^^^^^^^^
    |
    = note: `#[warn(dead_code)]` (part of `#[warn(unused)]`) on by default

warning: function `valid_data_range` is never used
   --> native/src/contracts.rs:507:15
    |
507 | pub(crate) fn valid_data_range(start: u64, end: u64, payload: u64, bytes: u64) -> bool {
    |               ^^^^^^^^^^^^^^^^

warning: 3 warnings emitted


running 1 test
test prefill_cache_release_respects_flag_length_and_chunk_boundaries ... FAILED

failures:

---- prefill_cache_release_respects_flag_length_and_chunk_boundaries stdout ----

thread 'prefill_cache_release_respects_flag_length_and_chunk_boundaries' (68076) panicked at native/src/contracts.rs:30:9:
assertion failed: !release_prefill_cache(false, total, completed)
note: run with `RUST_BACKTRACE=1` environment variable to display a backtrace


failures:
    prefill_cache_release_respects_flag_length_and_chunk_boundaries

test result: FAILED. 0 passed; 1 failed; 0 ignored; 0 measured; 10 filtered out; finished in 0.00s

