COMMAND ruff check --select F,E9 tests/fake-desktop-engine.py
All checks passed!
COMMAND python -m py_compile tests/fake-desktop-engine.py
COMMAND ruff format --check benchmarks/compare_native.py benchmarks/benchmark_smallm.py benchmarks/benchmark_lmhead_mb4.py benchmarks/benchmark_verify_attention.py benchmarks/benchmark_reserved_kv.py benchmarks/benchmark_prefill_release.py benchmarks/benchmark_smallm_bridge.py benchmarks/benchmark_smallm_gdn.py benchmarks/benchmark_smallm_inventory.py benchmarks/benchmark_smallm_tensor.py benchmarks/benchmark_decode_tiles.py benchmarks/benchmark_gdn_norm_gate.py native/check_qmm_tiles.py scripts/native_json_process.py tests/test_compare_native.py tests/test_qmm_tiles.py tests/test_native_json_process.py tests/test_smallm_benchmark.py tests/test_lmhead_mb4_benchmark.py tests/test_verify_attention_benchmark.py tests/test_reserved_kv_benchmark.py tests/test_prefill_release_benchmark.py tests/test_decode_microbenchmarks.py
23 files already formatted
COMMAND ruff check benchmarks/compare_native.py benchmarks/benchmark_smallm.py benchmarks/benchmark_lmhead_mb4.py benchmarks/benchmark_verify_attention.py benchmarks/benchmark_reserved_kv.py benchmarks/benchmark_prefill_release.py benchmarks/benchmark_smallm_bridge.py benchmarks/benchmark_smallm_gdn.py benchmarks/benchmark_smallm_inventory.py benchmarks/benchmark_smallm_tensor.py benchmarks/benchmark_decode_tiles.py benchmarks/benchmark_gdn_norm_gate.py native/check_qmm_tiles.py scripts/native_json_process.py tests/test_compare_native.py tests/test_qmm_tiles.py tests/test_native_json_process.py tests/test_smallm_benchmark.py tests/test_lmhead_mb4_benchmark.py tests/test_verify_attention_benchmark.py tests/test_reserved_kv_benchmark.py tests/test_prefill_release_benchmark.py tests/test_decode_microbenchmarks.py
All checks passed!
COMMAND python -m py_compile benchmarks/compare_native.py benchmarks/benchmark_smallm.py benchmarks/benchmark_lmhead_mb4.py benchmarks/benchmark_verify_attention.py benchmarks/benchmark_reserved_kv.py benchmarks/benchmark_prefill_release.py benchmarks/benchmark_smallm_bridge.py benchmarks/benchmark_smallm_gdn.py benchmarks/benchmark_smallm_inventory.py benchmarks/benchmark_smallm_tensor.py benchmarks/benchmark_decode_tiles.py benchmarks/benchmark_gdn_norm_gate.py native/check_qmm_tiles.py scripts/native_json_process.py
COMMAND ruff format --check scripts/check-mtp-model-switch.py scripts/check-mtp-reference.py scripts/package_engine.py tests/test_mtp_model_switch.py tests/test_package_engine.py
5 files already formatted
COMMAND ruff check scripts/check-mtp-model-switch.py scripts/check-mtp-reference.py scripts/package_engine.py tests/test_mtp_model_switch.py tests/test_package_engine.py
All checks passed!
COMMAND python -m py_compile scripts/check-mtp-model-switch.py scripts/check-mtp-reference.py scripts/package_engine.py
COMMAND ruff format --check scripts/experimental-draft-head.py tests/test_experimental_draft_head.py
2 files already formatted
COMMAND ruff check scripts/experimental-draft-head.py tests/test_experimental_draft_head.py
All checks passed!
COMMAND python -m py_compile scripts/experimental-draft-head.py
Native pytest targets verified; executed within complete Python suite
..............................................................s.ss...... [ 20%]
........................................................................ [ 40%]
........................................................................ [ 60%]
........................................................................ [ 80%]
........................................................................ [100%]
=========================== short test summary info ============================
SKIPPED [1] tests/test_quantize_measure_metrics.py:11: could not import 'ponyexl3.convert': No module named 'ponyexl3'
SKIPPED [1] tests/test_lfm_conversion_adapter.py:36: could not import 'ponyexl3.convert': No module named 'ponyexl3'
SKIPPED [1] tests/test_ling_conversion_adapter.py:40: could not import 'ponyexl3.convert.measure': No module named 'ponyexl3'
SKIPPED [1] tests/test_ling_integration.py:13: local Ling model not installed
357 passed, 4 skipped in 52.34s
